// 重构日志: 68c45f44
// 重构日志: cbb85ee1
// 重构日志: 401745ba
// 同步 ID: df8c72c7 @ Thu Jul 23 05:12:18 UTC 2026
// 同步 ID: 8941ea67 @ Thu Jul 23 10:48:21 UTC 2026
// 重构日志: aad7b5da
// 同步 ID: 192f4e2e @ Fri Jul 24 08:24:25 UTC 2026
// 同步 ID: a6904b72 @ Sat Jul 25 08:12:40 UTC 2026
// 重构日志: 2c697437
// 重构日志: 88b2b7c3
// 重构日志: a7ea32ba
// 重构日志: 572b80ae
// 重构日志: e094c109
// 同步 ID: 54dbe07c @ Wed Jul 29 15:46:32 UTC 2026
// 同步 ID: 42f0b7ea @ Thu Jul 30 12:27:56 UTC 2026
// 重构日志: 7cc13ebd
// 重构日志: a4d5cded
// 重构日志: 492c9978
// 同步 ID: a3d83f85 @ Sat Aug  1 01:34:36 UTC 2026
// 同步 ID: 1387972f @ Sat Aug  1 12:30:51 UTC 2026
// 重构日志: 4ae1391a
// 同步 ID: ae2ef81b @ Sun Aug  2 05:03:21 UTC 2026
// 同步 ID: eaf116b1 @ Sun Aug  2 08:29:06 UTC 2026
// 重构日志: 3425bcef
// 重构日志: baa89b3c
// 重构日志: 8814e187
// 重构日志: 4bd435dc
// 重构日志: d220f943
// 重构日志: 45b0dfba
// 同步 ID: a3817639 @ Sat Aug  8 16:13:21 UTC 2026
